error: wrong input to derive-adhoc driver inner macro derive_adhoc_driver_Driver; might be due to incompatible derive-adhoc versions(s)
  --> ui/badinternals.rs:9:10
   |
9  | #[derive(Adhoc)]
   |          ^^^^^
...
16 | derive_adhoc_driver_Driver!{ GARBAGE -> DRIVER }
   | ------------------------------------------------ in this macro invocation
   |
   = note: this error originates in the macro `derive_adhoc_driver_Driver` (in Nightly builds, run with -Z macro-backtrace for more info)

error: wrong input to derive-adhoc template inner macro derive_adhoc_template_Template; might be due to incompatible derive-adhoc versions(s)
  --> ui/badinternals.rs:12:1
   |
12 | / define_derive_adhoc! {
13 | |     Template =
14 | | }
   | |_^
...
17 |   derive_adhoc_template_Template!{ GARBAGE -> TEMPLATE }
   |   ------------------------------------------------------ in this macro invocation
   |
   = note: this error originates in the macro `derive_adhoc_template_Template` (in Nightly builds, run with -Z macro-backtrace for more info)

error: bad input to derive_adhoc_expand inner template expansion proc macro; might be due to incompatible derive-adhoc versions(s)
  --> ui/badinternals.rs:18:1
   |
18 | derive_adhoc::derive_adhoc_expand!{ GARBAGE -> INNARDS }
   | ^^^^^^^^^^^^^^^^^^^^^^^^^^^^^^^^^^^^^^^^^^^^^^^^^^^^^^^^
   |
   = note: this error originates in the macro `derive_adhoc::derive_adhoc_expand` (in Nightly builds, run with -Z macro-backtrace for more info)

error: expected curly braces
  --> ui/badinternals.rs:18:37
   |
18 | derive_adhoc::derive_adhoc_expand!{ GARBAGE -> INNARDS }
   |                                     ^^^^^^^
